***Starting server on port 52424 ***
Loading net-file from 'C:\Users\LNMIIT\Desktop\SumoSimulation\ResearchPaper\scenario\in/most.net.xml' ... done (4630ms).
Loading additional-files from 'C:\Users\LNMIIT\Desktop\SumoSimulation\ResearchPaper\scenario\in/add/most.poly.xml' ... done (3924ms).
Loading additional-files from 'C:\Users\LNMIIT\Desktop\SumoSimulation\ResearchPaper\scenario\in/add/most.busstops.add.xml' ... done (134ms).
Loading additional-files from 'C:\Users\LNMIIT\Desktop\SumoSimulation\ResearchPaper\scenario\in/add/most.trainstops.add.xml' ... done (127ms).
Loading additional-files from 'C:\Users\LNMIIT\Desktop\SumoSimulation\ResearchPaper\scenario\in/add/most.parking.allvisible.add.xml' ... done (343ms).
Loading additional-files from 'C:\Users\LNMIIT\Desktop\SumoSimulation\ResearchPaper\scenario\in/add/basic.vType.xml' ... done (14ms).
Loading route-files from 'C:\Users\LNMIIT\Desktop\SumoSimulation\ResearchPaper\scenario\in/route/most.commercial.rou.xml' ... done (3165ms).
Loading route-files from 'C:\Users\LNMIIT\Desktop\SumoSimulation\ResearchPaper\scenario\in/route/most.highway.flows.xml' ... done (40ms).
Loading done.
Simulation version 1.27.0 started with time: 14400.00.
Simulation ended at time: 21600.00.
Reason: TraCI requested termination.
Performance:
 Duration: 9616.96s
 TraCI-Duration: 9294.61s
 Real time factor: 0.748677
 UPS: 238.136455
Vehicles:
 Inserted: 1334 (Loaded: 7480)
 Running: 219
 Waiting: 0
Statistics (avg of 1115):
 RouteLength: 7431.48
 Speed: 18.92
 Duration: 431.06
 WaitingTime: 5.69
 TimeLoss: 39.44
 DepartDelay: 0.31
DijkstraRouter answered 17814 queries and explored 819.93 edges on average.
DijkstraRouter spent 30.63s answering queries (1.72ms on average).
