***Starting server on port 52950 ***
Loading net-file from 'C:\Users\LNMIIT\Desktop\SumoSimulation\ResearchPaper\scenario\in/most.net.xml' ... done (4741ms).
Loading additional-files from 'C:\Users\LNMIIT\Desktop\SumoSimulation\ResearchPaper\scenario\in/add/most.poly.xml' ... done (4133ms).
Loading additional-files from 'C:\Users\LNMIIT\Desktop\SumoSimulation\ResearchPaper\scenario\in/add/most.busstops.add.xml' ... done (165ms).
Loading additional-files from 'C:\Users\LNMIIT\Desktop\SumoSimulation\ResearchPaper\scenario\in/add/most.trainstops.add.xml' ... done (150ms).
Loading additional-files from 'C:\Users\LNMIIT\Desktop\SumoSimulation\ResearchPaper\scenario\in/add/most.parking.allvisible.add.xml' ... done (431ms).
Loading additional-files from 'C:\Users\LNMIIT\Desktop\SumoSimulation\ResearchPaper\scenario\in/add/basic.vType.xml' ... done (17ms).
Loading route-files from 'C:\Users\LNMIIT\Desktop\SumoSimulation\ResearchPaper\scenario\in/route/most.commercial.rou.xml' ... done (2863ms).
Loading route-files from 'C:\Users\LNMIIT\Desktop\SumoSimulation\ResearchPaper\scenario\in/route/most.highway.flows.xml' ... done (47ms).
Loading done.
Simulation version 1.27.0 started with time: 14400.00.
Simulation ended at time: 21600.00.
Reason: TraCI requested termination.
Performance:
 Duration: 8995.73s
 TraCI-Duration: 8703.72s
 Real time factor: 0.80038
 UPS: 254.564164
Vehicles:
 Inserted: 1334 (Loaded: 7480)
 Running: 228
 Waiting: 0
Statistics (avg of 1106):
 RouteLength: 7441.74
 Speed: 18.96
 Duration: 430.85
 WaitingTime: 5.18
 TimeLoss: 38.92
 DepartDelay: 0.30
DijkstraRouter answered 17802 queries and explored 821.39 edges on average.
DijkstraRouter spent 27.99s answering queries (1.57ms on average).
