***Starting server on port 56865 ***
Loading net-file from 'C:\Users\LNMIIT\Desktop\SumoSimulation\ResearchPaper\scenario\in/most.net.xml' ... done (5046ms).
Loading additional-files from 'C:\Users\LNMIIT\Desktop\SumoSimulation\ResearchPaper\scenario\in/add/most.poly.xml' ... done (4495ms).
Loading additional-files from 'C:\Users\LNMIIT\Desktop\SumoSimulation\ResearchPaper\scenario\in/add/most.busstops.add.xml' ... done (147ms).
Loading additional-files from 'C:\Users\LNMIIT\Desktop\SumoSimulation\ResearchPaper\scenario\in/add/most.trainstops.add.xml' ... done (166ms).
Loading additional-files from 'C:\Users\LNMIIT\Desktop\SumoSimulation\ResearchPaper\scenario\in/add/most.parking.allvisible.add.xml' ... done (548ms).
Loading additional-files from 'C:\Users\LNMIIT\Desktop\SumoSimulation\ResearchPaper\scenario\in/add/basic.vType.xml' ... done (27ms).
Loading state from 'C:\Users\LNMIIT\Desktop\SumoSimulation\ResearchPaper\BTP\ws_1_200_21600.xml.gz' ... done (5741ms).
Loading route-files from 'C:\Users\LNMIIT\Desktop\SumoSimulation\ResearchPaper\scenario\in/route/most.commercial.rou.xml' ... done (735ms).
Loading route-files from 'C:\Users\LNMIIT\Desktop\SumoSimulation\ResearchPaper\scenario\in/route/most.highway.flows.xml' ... done (32ms).
Loading done.
Simulation version 1.27.0 started with time: 20400.00.
Simulation ended at time: 22382.50.
Reason: TraCI requested termination.
Performance:
 Duration: 4368.74s
 TraCI-Duration: 4144.84s
 Real time factor: 0.453793
 UPS: 381.828062
Vehicles:
 Inserted: 1707 (Loaded: 7589)
 Running: 234
 Waiting: 0
Statistics (avg of 814):
 RouteLength: 7211.89
 Speed: 17.97
 Duration: 442.77
 WaitingTime: 6.03
 TimeLoss: 41.90
 DepartDelay: 0.33
DijkstraRouter answered 12415 queries and explored 815.89 edges on average.
DijkstraRouter spent 20.94s answering queries (1.69ms on average).
