***Starting server on port 50101 ***
Loading net-file from 'C:\Users\LNMIIT\Desktop\SumoSimulation\ResearchPaper\scenario\in/most.net.xml' ... done (5750ms).
Loading additional-files from 'C:\Users\LNMIIT\Desktop\SumoSimulation\ResearchPaper\scenario\in/add/most.poly.xml' ... done (4640ms).
Loading additional-files from 'C:\Users\LNMIIT\Desktop\SumoSimulation\ResearchPaper\scenario\in/add/most.busstops.add.xml' ... done (210ms).
Loading additional-files from 'C:\Users\LNMIIT\Desktop\SumoSimulation\ResearchPaper\scenario\in/add/most.trainstops.add.xml' ... done (240ms).
Loading additional-files from 'C:\Users\LNMIIT\Desktop\SumoSimulation\ResearchPaper\scenario\in/add/most.parking.allvisible.add.xml' ... done (490ms).
Loading additional-files from 'C:\Users\LNMIIT\Desktop\SumoSimulation\ResearchPaper\scenario\in/add/basic.vType.xml' ... done (17ms).
Loading state from 'C:\Users\LNMIIT\Desktop\SumoSimulation\ResearchPaper\BTP\ws_10_200_21600.xml.gz' ... done (7756ms).
Loading route-files from 'C:\Users\LNMIIT\Desktop\SumoSimulation\ResearchPaper\scenario\in/route/most.commercial.rou.xml' ... done (1260ms).
Loading route-files from 'C:\Users\LNMIIT\Desktop\SumoSimulation\ResearchPaper\scenario\in/route/most.highway.flows.xml' ... done (51ms).
Loading done.
Simulation version 1.27.0 started with time: 20400.00.
Simulation ended at time: 24952.50.
Reason: TraCI requested termination.
Performance:
 Duration: 7982.14s
 TraCI-Duration: 7546.80s
 Real time factor: 0.570336
 UPS: 536.605230
Vehicles:
 Inserted: 2911 (Loaded: 7953)
 Running: 297
 Waiting: 0
Statistics (avg of 1959):
 RouteLength: 7267.24
 Speed: 17.54
 Duration: 454.76
 WaitingTime: 6.48
 TimeLoss: 43.66
 DepartDelay: 0.34
DijkstraRouter answered 30871 queries and explored 886.06 edges on average.
DijkstraRouter spent 45.55s answering queries (1.48ms on average).
