***Starting server on port 65343 ***
Loading net-file from 'C:\Users\LNMIIT\Desktop\SumoSimulation\ResearchPaper\scenario\in/most.net.xml' ... done (5787ms).
Loading additional-files from 'C:\Users\LNMIIT\Desktop\SumoSimulation\ResearchPaper\scenario\in/add/most.poly.xml' ... done (4822ms).
Loading additional-files from 'C:\Users\LNMIIT\Desktop\SumoSimulation\ResearchPaper\scenario\in/add/most.busstops.add.xml' ... done (198ms).
Loading additional-files from 'C:\Users\LNMIIT\Desktop\SumoSimulation\ResearchPaper\scenario\in/add/most.trainstops.add.xml' ... done (182ms).
Loading additional-files from 'C:\Users\LNMIIT\Desktop\SumoSimulation\ResearchPaper\scenario\in/add/most.parking.allvisible.add.xml' ... done (508ms).
Loading additional-files from 'C:\Users\LNMIIT\Desktop\SumoSimulation\ResearchPaper\scenario\in/add/basic.vType.xml' ... done (20ms).
Loading state from 'C:\Users\LNMIIT\Desktop\SumoSimulation\ResearchPaper\BTP\ws_7_200_21600.xml.gz' ... done (6367ms).
Loading route-files from 'C:\Users\LNMIIT\Desktop\SumoSimulation\ResearchPaper\scenario\in/route/most.commercial.rou.xml' ... done (978ms).
Loading route-files from 'C:\Users\LNMIIT\Desktop\SumoSimulation\ResearchPaper\scenario\in/route/most.highway.flows.xml' ... done (40ms).
Loading done.
Simulation version 1.27.0 started with time: 20400.00.
Simulation ended at time: 24956.50.
Reason: TraCI requested termination.
Performance:
 Duration: 9045.56s
 TraCI-Duration: 8569.07s
 Real time factor: 0.503728
 UPS: 473.483333
Vehicles:
 Inserted: 2913 (Loaded: 7953)
 Running: 297
 Waiting: 0
Statistics (avg of 1959):
 RouteLength: 7270.80
 Speed: 17.57
 Duration: 454.32
 WaitingTime: 6.41
 TimeLoss: 43.32
 DepartDelay: 0.33
DijkstraRouter answered 30853 queries and explored 884.38 edges on average.
DijkstraRouter spent 47.93s answering queries (1.55ms on average).
