***Starting server on port 61974 ***
Loading net-file from 'C:\Users\LNMIIT\Desktop\SumoSimulation\ResearchPaper\scenario\in/most.net.xml' ... done (5743ms).
Loading additional-files from 'C:\Users\LNMIIT\Desktop\SumoSimulation\ResearchPaper\scenario\in/add/most.poly.xml' ... done (4475ms).
Loading additional-files from 'C:\Users\LNMIIT\Desktop\SumoSimulation\ResearchPaper\scenario\in/add/most.busstops.add.xml' ... done (206ms).
Loading additional-files from 'C:\Users\LNMIIT\Desktop\SumoSimulation\ResearchPaper\scenario\in/add/most.trainstops.add.xml' ... done (188ms).
Loading additional-files from 'C:\Users\LNMIIT\Desktop\SumoSimulation\ResearchPaper\scenario\in/add/most.parking.allvisible.add.xml' ... done (597ms).
Loading additional-files from 'C:\Users\LNMIIT\Desktop\SumoSimulation\ResearchPaper\scenario\in/add/basic.vType.xml' ... done (25ms).
Loading state from 'C:\Users\LNMIIT\Desktop\SumoSimulation\ResearchPaper\BTP\ws_3_200_21600.xml.gz' ... done (7541ms).
Loading route-files from 'C:\Users\LNMIIT\Desktop\SumoSimulation\ResearchPaper\scenario\in/route/most.commercial.rou.xml' ... done (1088ms).
Loading route-files from 'C:\Users\LNMIIT\Desktop\SumoSimulation\ResearchPaper\scenario\in/route/most.highway.flows.xml' ... done (55ms).
Loading done.
Simulation version 1.27.0 started with time: 20400.00.
Simulation ended at time: 24870.75.
Reason: TraCI requested termination.
Performance:
 Duration: 10061.15s
 TraCI-Duration: 9533.10s
 Real time factor: 0.444358
 UPS: 416.405655
Vehicles:
 Inserted: 2879 (Loaded: 7943)
 Running: 300
 Waiting: 0
 Teleports: 5 (Wrong Lane: 5)
Statistics (avg of 1922):
 RouteLength: 7255.18
 Speed: 17.54
 Duration: 454.35
 WaitingTime: 7.07
 TimeLoss: 43.85
 DepartDelay: 0.35
DijkstraRouter answered 30139 queries and explored 881.31 edges on average.
DijkstraRouter spent 57.36s answering queries (1.90ms on average).
