Warning: Vehicle 'ego_11' is not allowed on destination edge '-152647#2'.
Warning: No route for vehicle 'ego_11' found.
Warning: Vehicle 'ego_11' is not allowed on destination edge '-152647#2'.
Warning: No route for vehicle 'ego_11' found.
Warning: Vehicle 'ego_11' is not allowed on destination edge '-152647#2'.
Warning: No route for vehicle 'ego_11' found.
Warning: Vehicle 'ego_11' is not allowed on destination edge '-152647#2'.
Warning: No route for vehicle 'ego_11' found.
Warning: Vehicle 'ego_11' is not allowed on destination edge '-152647#2'.
Warning: No route for vehicle 'ego_11' found.
Warning: Vehicle 'ego_11' is not allowed on destination edge '-152647#2'.
Warning: No route for vehicle 'ego_11' found.
Warning: Vehicle 'ego_11' is not allowed on destination edge '-152647#2'.
Warning: No route for vehicle 'ego_11' found.
Warning: Vehicle 'ego_11' is not allowed on destination edge '-152647#2'.
Warning: No route for vehicle 'ego_11' found.
Warning: Vehicle 'ego_11' is not allowed on destination edge '-152647#2'.
Warning: No route for vehicle 'ego_11' found.
Warning: Vehicle 'ego_11' is not allowed on destination edge '-152647#2'.
Warning: No route for vehicle 'ego_11' found.
Warning: Vehicle 'ego_11' is not allowed on destination edge '-152647#2'.
Warning: No route for vehicle 'ego_11' found.
Warning: Teleporting vehicle 'ego_11'; waited too long (wrong lane), lane='152789#0_1', time=23228.50.
Warning: Vehicle 'ego_11' ends teleporting on edge '-152789#0', time=23228.50.
Warning: Vehicle 'ego_11' is not allowed on destination edge '-152647#2'.
Warning: No route for vehicle 'ego_11' found.
Warning: Vehicle 'ego_11' is not allowed on destination edge '-152647#2'.
Warning: No route for vehicle 'ego_11' found.
Warning: Vehicle 'ego_11' is not allowed on destination edge '-152647#2'.
Warning: No route for vehicle 'ego_11' found.
Warning: Vehicle 'ego_11' is not allowed on destination edge '-152647#2'.
Warning: No route for vehicle 'ego_11' found.
Warning: Vehicle 'ego_11' is not allowed on destination edge '-152647#2'.
Warning: No route for vehicle 'ego_11' found.
Warning: Vehicle 'ego_11' is not allowed on destination edge '-152647#2'.
Warning: No route for vehicle 'ego_11' found.
Warning: Vehicle 'ego_11' is not allowed on destination edge '-152647#2'.
Warning: No route for vehicle 'ego_11' found.
Warning: Vehicle 'ego_11' is not allowed on destination edge '-152647#2'.
Warning: No route for vehicle 'ego_11' found.
Warning: Vehicle 'ego_11' is not allowed on destination edge '-152647#2'.
Warning: No route for vehicle 'ego_11' found.
Warning: Vehicle 'ego_11' is not allowed on destination edge '-152647#2'.
Warning: No route for vehicle 'ego_11' found.
Warning: Teleporting vehicle 'ego_11'; waited too long (wrong lane), lane='-152789#0_1', time=23533.50.
Warning: Vehicle 'ego_11' ends teleporting on edge '152135#0', time=23546.50.
Warning: Vehicle 'ego_11' is not allowed on destination edge '-152647#2'.
Warning: No route for vehicle 'ego_11' found.
Warning: Vehicle 'ego_11' is not allowed on destination edge '-152647#2'.
Warning: No route for vehicle 'ego_11' found.
Warning: Vehicle 'ego_11' is not allowed on destination edge '-152647#2'.
Warning: No route for vehicle 'ego_11' found.
Warning: Vehicle 'ego_11' is not allowed on destination edge '-152647#2'.
Warning: No route for vehicle 'ego_11' found.
Warning: Vehicle 'ego_11' is not allowed on destination edge '-152647#2'.
Warning: No route for vehicle 'ego_11' found.
Warning: Vehicle 'ego_11' is not allowed on destination edge '-152647#2'.
Warning: No route for vehicle 'ego_11' found.
Warning: Vehicle 'ego_11' is not allowed on destination edge '-152647#2'.
Warning: No route for vehicle 'ego_11' found.
Warning: Vehicle 'ego_11' is not allowed on destination edge '-152647#2'.
Warning: No route for vehicle 'ego_11' found.
Warning: Vehicle 'ego_11' is not allowed on destination edge '-152647#2'.
Warning: No route for vehicle 'ego_11' found.
Warning: Vehicle 'ego_11' is not allowed on destination edge '-152647#2'.
Warning: No route for vehicle 'ego_11' found.
Warning: Vehicle 'ego_11' is not allowed on destination edge '-152647#2'.
Warning: No route for vehicle 'ego_11' found.
Warning: Teleporting vehicle 'ego_11'; waited too long (wrong lane), lane='153273#2_1', time=23864.50.
Warning: Vehicle 'ego_11' is not allowed on source edge '-152960#2'.
Warning: No route for vehicle 'ego_11' found.
Warning: Vehicle 'ego_11' ends teleporting on edge '-152810#2', time=23883.50.
Warning: Vehicle 'ego_11' is not allowed on destination edge '-152647#2'.
Warning: No route for vehicle 'ego_11' found.
Warning: Vehicle 'ego_11' is not allowed on destination edge '-152647#2'.
Warning: No route for vehicle 'ego_11' found.
Warning: Vehicle 'ego_11' is not allowed on destination edge '-152647#2'.
Warning: No route for vehicle 'ego_11' found.
Warning: Vehicle 'ego_11' is not allowed on destination edge '-152647#2'.
Warning: No route for vehicle 'ego_11' found.
Warning: Vehicle 'ego_11' is not allowed on destination edge '-152647#2'.
Warning: No route for vehicle 'ego_11' found.
Warning: Vehicle 'ego_11' is not allowed on destination edge '-152647#2'.
Warning: No route for vehicle 'ego_11' found.
Warning: Vehicle 'ego_11' is not allowed on destination edge '-152647#2'.
Warning: No route for vehicle 'ego_11' found.
Warning: Vehicle 'ego_11' is not allowed on destination edge '-152647#2'.
Warning: No route for vehicle 'ego_11' found.
Warning: Vehicle 'ego_11' is not allowed on destination edge '-152647#2'.
Warning: No route for vehicle 'ego_11' found.
Warning: Vehicle 'ego_11' is not allowed on destination edge '-152647#2'.
Warning: No route for vehicle 'ego_11' found.
Warning: Vehicle 'ego_11' is not allowed on destination edge '-152647#2'.
Warning: No route for vehicle 'ego_11' found.
Warning: Vehicle 'ego_11' is not allowed on destination edge '-152647#2'.
Warning: No route for vehicle 'ego_11' found.
Warning: Teleporting vehicle 'ego_11'; waited too long (wrong lane), lane='-152702#0_2', time=24259.50.
Warning: Vehicle 'ego_11' is not allowed on source edge '-152174#1'.
Warning: No route for vehicle 'ego_11' found.
Warning: Vehicle 'ego_11' ends teleporting on edge '152175', time=24278.00.
Warning: Vehicle 'ego_11' is not allowed on destination edge '-152647#2'.
Warning: No route for vehicle 'ego_11' found.
Warning: Vehicle 'ego_11' is not allowed on destination edge '-152647#2'.
Warning: No route for vehicle 'ego_11' found.
Warning: Vehicle 'ego_11' is not allowed on destination edge '-152647#2'.
Warning: No route for vehicle 'ego_11' found.
Warning: Vehicle 'ego_11' is not allowed on destination edge '-152647#2'.
Warning: No route for vehicle 'ego_11' found.
Warning: Vehicle 'ego_11' is not allowed on destination edge '-152647#2'.
Warning: No route for vehicle 'ego_11' found.
Warning: Vehicle 'ego_11' is not allowed on destination edge '-152647#2'.
Warning: No route for vehicle 'ego_11' found.
Warning: Vehicle 'ego_11' is not allowed on destination edge '-152647#2'.
Warning: No route for vehicle 'ego_11' found.
Warning: Vehicle 'ego_11' is not allowed on destination edge '-152647#2'.
Warning: No route for vehicle 'ego_11' found.
Warning: Vehicle 'ego_11' is not allowed on destination edge '-152647#2'.
Warning: No route for vehicle 'ego_11' found.
Warning: Vehicle 'ego_11' is not allowed on destination edge '-152647#2'.
Warning: No route for vehicle 'ego_11' found.
Warning: Teleporting vehicle 'ego_11'; waited too long (wrong lane), lane='152175_1', time=24579.25.
Warning: Vehicle 'ego_11' teleports beyond arrival edge '-152647#2', time=24594.00.
