***Starting server on port 49792 ***
Loading net-file from 'C:\Users\LNMIIT\Desktop\SumoSimulation\ResearchPaper\scenario\in/most.net.xml' ... done (4809ms).
Loading additional-files from 'C:\Users\LNMIIT\Desktop\SumoSimulation\ResearchPaper\scenario\in/add/most.poly.xml' ... done (5290ms).
Loading additional-files from 'C:\Users\LNMIIT\Desktop\SumoSimulation\ResearchPaper\scenario\in/add/most.busstops.add.xml' ... done (203ms).
Loading additional-files from 'C:\Users\LNMIIT\Desktop\SumoSimulation\ResearchPaper\scenario\in/add/most.trainstops.add.xml' ... done (164ms).
Loading additional-files from 'C:\Users\LNMIIT\Desktop\SumoSimulation\ResearchPaper\scenario\in/add/most.parking.allvisible.add.xml' ... done (397ms).
Loading additional-files from 'C:\Users\LNMIIT\Desktop\SumoSimulation\ResearchPaper\scenario\in/add/basic.vType.xml' ... done (16ms).
Loading state from 'C:\Users\LNMIIT\Desktop\SumoSimulation\ResearchPaper\BTP\ws_10_200_21600.xml.gz' ... done (5971ms).
Loading route-files from 'C:\Users\LNMIIT\Desktop\SumoSimulation\ResearchPaper\scenario\in/route/most.commercial.rou.xml' ... done (991ms).
Loading route-files from 'C:\Users\LNMIIT\Desktop\SumoSimulation\ResearchPaper\scenario\in/route/most.highway.flows.xml' ... done (48ms).
Loading done.
Simulation version 1.27.0 started with time: 20400.00.
Simulation ended at time: 25041.25.
Reason: TraCI requested termination.
Performance:
 Duration: 8891.42s
 TraCI-Duration: 8405.23s
 Real time factor: 0.521992
 UPS: 493.975935
Vehicles:
 Inserted: 2949 (Loaded: 7965)
 Running: 292
 Waiting: 0
 Teleports: 5 (Wrong Lane: 5)
Statistics (avg of 2002):
 RouteLength: 7269.88
 Speed: 17.51
 Duration: 456.21
 WaitingTime: 7.36
 TimeLoss: 44.45
 DepartDelay: 0.34
DijkstraRouter answered 31578 queries and explored 886.41 edges on average.
DijkstraRouter spent 53.94s answering queries (1.71ms on average).
