Warning: Vehicle 'ego_8' is not allowed on destination edge '-152960#7'.
Warning: No route for vehicle 'ego_8' found.
Warning: Vehicle 'ego_8' is not allowed on destination edge '-152960#7'.
Warning: No route for vehicle 'ego_8' found.
Warning: Vehicle 'ego_8' is not allowed on destination edge '-152960#7'.
Warning: No route for vehicle 'ego_8' found.
Warning: Vehicle 'ego_8' is not allowed on destination edge '-152960#7'.
Warning: No route for vehicle 'ego_8' found.
Warning: Vehicle 'ego_8' is not allowed on destination edge '-152960#7'.
Warning: No route for vehicle 'ego_8' found.
Warning: Vehicle 'ego_8' is not allowed on destination edge '-152960#7'.
Warning: No route for vehicle 'ego_8' found.
Warning: Vehicle 'ego_8' is not allowed on destination edge '-152960#7'.
Warning: No route for vehicle 'ego_8' found.
Warning: Vehicle 'ego_8' is not allowed on destination edge '-152960#7'.
Warning: No route for vehicle 'ego_8' found.
Warning: Vehicle 'ego_8' is not allowed on destination edge '-152960#7'.
Warning: No route for vehicle 'ego_8' found.
Warning: Vehicle 'ego_8' is not allowed on destination edge '-152960#7'.
Warning: No route for vehicle 'ego_8' found.
Warning: Vehicle 'ego_8' is not allowed on destination edge '-152960#7'.
Warning: No route for vehicle 'ego_8' found.
Warning: Vehicle 'ego_8' is not allowed on destination edge '-152960#7'.
Warning: No route for vehicle 'ego_8' found.
Warning: Vehicle 'ego_8' is not allowed on destination edge '-152960#7'.
Warning: No route for vehicle 'ego_8' found.
Warning: Vehicle 'ego_11' is not allowed on destination edge '-152647#2'.
Warning: No route for vehicle 'ego_11' found.
Warning: Vehicle 'ego_11' is not allowed on destination edge '-152647#2'.
Warning: No route for vehicle 'ego_11' found.
Warning: Vehicle 'ego_8' is not allowed on destination edge '-152960#7'.
Warning: No route for vehicle 'ego_8' found.
Warning: Vehicle 'ego_11' is not allowed on destination edge '-152647#2'.
Warning: No route for vehicle 'ego_11' found.
Warning: Vehicle 'ego_8' is not allowed on destination edge '-152960#7'.
Warning: No route for vehicle 'ego_8' found.
Warning: Vehicle 'ego_11' is not allowed on destination edge '-152647#2'.
Warning: No route for vehicle 'ego_11' found.
Warning: Vehicle 'ego_8' is not allowed on destination edge '-152960#7'.
Warning: No route for vehicle 'ego_8' found.
Warning: Vehicle 'ego_11' is not allowed on destination edge '-152647#2'.
Warning: No route for vehicle 'ego_11' found.
Warning: Vehicle 'ego_8' is not allowed on destination edge '-152960#7'.
Warning: No route for vehicle 'ego_8' found.
Warning: Vehicle 'ego_11' is not allowed on destination edge '-152647#2'.
Warning: No route for vehicle 'ego_11' found.
Warning: Vehicle 'ego_8' is not allowed on destination edge '-152960#7'.
Warning: No route for vehicle 'ego_8' found.
Warning: Vehicle 'ego_11' is not allowed on destination edge '-152647#2'.
Warning: No route for vehicle 'ego_11' found.
Warning: Vehicle 'ego_8' is not allowed on destination edge '-152960#7'.
Warning: No route for vehicle 'ego_8' found.
Warning: Vehicle 'ego_11' is not allowed on destination edge '-152647#2'.
Warning: No route for vehicle 'ego_11' found.
Warning: Vehicle 'ego_8' is not allowed on destination edge '-152960#7'.
Warning: No route for vehicle 'ego_8' found.
Warning: Vehicle 'ego_11' is not allowed on destination edge '-152647#2'.
Warning: No route for vehicle 'ego_11' found.
Warning: Vehicle 'ego_8' is not allowed on destination edge '-152960#7'.
Warning: No route for vehicle 'ego_8' found.
Warning: Vehicle 'ego_11' is not allowed on destination edge '-152647#2'.
Warning: No route for vehicle 'ego_11' found.
Warning: Vehicle 'ego_8' is not allowed on destination edge '-152960#7'.
Warning: No route for vehicle 'ego_8' found.
Warning: Vehicle 'ego_11' is not allowed on destination edge '-152647#2'.
Warning: No route for vehicle 'ego_11' found.
Warning: Vehicle 'ego_8' is not allowed on destination edge '-152960#7'.
Warning: No route for vehicle 'ego_8' found.
Warning: Teleporting vehicle 'ego_8'; waited too long (wrong lane), lane='152959#1_2', time=23222.00.
Warning: Vehicle 'ego_8' teleports beyond arrival edge '-152960#7', time=23224.50.
Warning: Teleporting vehicle 'ego_11'; waited too long (wrong lane), lane='152789#0_1', time=23228.50.
Warning: Vehicle 'ego_11' ends teleporting on edge '-152789#0', time=23228.50.
Warning: Vehicle 'ego_11' is not allowed on destination edge '-152647#2'.
Warning: No route for vehicle 'ego_11' found.
Warning: Vehicle 'ego_11' is not allowed on destination edge '-152647#2'.
Warning: No route for vehicle 'ego_11' found.
Warning: Vehicle 'ego_11' is not allowed on destination edge '-152647#2'.
Warning: No route for vehicle 'ego_11' found.
Warning: Vehicle 'ego_11' is not allowed on destination edge '-152647#2'.
Warning: No route for vehicle 'ego_11' found.
Warning: Vehicle 'ego_11' is not allowed on destination edge '-152647#2'.
Warning: No route for vehicle 'ego_11' found.
Warning: Vehicle 'ego_11' is not allowed on destination edge '-152647#2'.
Warning: No route for vehicle 'ego_11' found.
Warning: Vehicle 'ego_11' is not allowed on destination edge '-152647#2'.
Warning: No route for vehicle 'ego_11' found.
Warning: Vehicle 'ego_11' is not allowed on destination edge '-152647#2'.
Warning: No route for vehicle 'ego_11' found.
Warning: Vehicle 'ego_11' is not allowed on destination edge '-152647#2'.
Warning: No route for vehicle 'ego_11' found.
Warning: Vehicle 'ego_11' is not allowed on destination edge '-152647#2'.
Warning: No route for vehicle 'ego_11' found.
Warning: Teleporting vehicle 'ego_11'; waited too long (wrong lane), lane='-152789#0_1', time=23533.50.
Warning: Vehicle 'ego_11' ends teleporting on edge '152816#0', time=23535.50.
Warning: Vehicle 'ego_11' is not allowed on destination edge '-152647#2'.
Warning: No route for vehicle 'ego_11' found.
Warning: Vehicle 'ego_11' is not allowed on destination edge '-152647#2'.
Warning: No route for vehicle 'ego_11' found.
Warning: Vehicle 'ego_11' is not allowed on destination edge '-152647#2'.
Warning: No route for vehicle 'ego_11' found.
Warning: Vehicle 'ego_11' is not allowed on destination edge '-152647#2'.
Warning: No route for vehicle 'ego_11' found.
Warning: Vehicle 'ego_11' is not allowed on destination edge '-152647#2'.
Warning: No route for vehicle 'ego_11' found.
Warning: Vehicle 'ego_11' is not allowed on destination edge '-152647#2'.
Warning: No route for vehicle 'ego_11' found.
Warning: Vehicle 'ego_11' is not allowed on destination edge '-152647#2'.
Warning: No route for vehicle 'ego_11' found.
Warning: Vehicle 'ego_11' is not allowed on destination edge '-152647#2'.
Warning: No route for vehicle 'ego_11' found.
Warning: Vehicle 'ego_11' is not allowed on destination edge '-152647#2'.
Warning: No route for vehicle 'ego_11' found.
Warning: Vehicle 'ego_11' is not allowed on destination edge '-152647#2'.
Warning: No route for vehicle 'ego_11' found.
Warning: Vehicle 'ego_11' is not allowed on destination edge '-152647#2'.
Warning: No route for vehicle 'ego_11' found.
Warning: Vehicle 'ego_11' is not allowed on destination edge '-152647#2'.
Warning: No route for vehicle 'ego_11' found.
Warning: Vehicle 'ego_11' is not allowed on destination edge '-152647#2'.
Warning: No route for vehicle 'ego_11' found.
Warning: Vehicle 'ego_11' is not allowed on destination edge '-152647#2'.
Warning: No route for vehicle 'ego_11' found.
Warning: Teleporting vehicle 'ego_11'; waited too long (wrong lane), lane='-152702#0_2', time=23960.00.
Warning: Vehicle 'ego_11' ends teleporting on edge '152705#0', time=23963.00.
Warning: Vehicle 'ego_11' is not allowed on destination edge '-152647#2'.
Warning: No route for vehicle 'ego_11' found.
Warning: Vehicle 'ego_11' is not allowed on destination edge '-152647#2'.
Warning: No route for vehicle 'ego_11' found.
Warning: Vehicle 'ego_11' is not allowed on destination edge '-152647#2'.
Warning: No route for vehicle 'ego_11' found.
Warning: Vehicle 'ego_11' is not allowed on destination edge '-152647#2'.
Warning: No route for vehicle 'ego_11' found.
Warning: Vehicle 'ego_11' is not allowed on destination edge '-152647#2'.
Warning: No route for vehicle 'ego_11' found.
Warning: Vehicle 'ego_11' is not allowed on destination edge '-152647#2'.
Warning: No route for vehicle 'ego_11' found.
Warning: Vehicle 'ego_11' is not allowed on destination edge '-152647#2'.
Warning: No route for vehicle 'ego_11' found.
Warning: Vehicle 'ego_11' is not allowed on destination edge '-152647#2'.
Warning: No route for vehicle 'ego_11' found.
Warning: Vehicle 'ego_11' is not allowed on destination edge '-152647#2'.
Warning: No route for vehicle 'ego_11' found.
Warning: Vehicle 'ego_11' is not allowed on destination edge '-152647#2'.
Warning: No route for vehicle 'ego_11' found.
Warning: Vehicle 'ego_11' is not allowed on destination edge '-152647#2'.
Warning: No route for vehicle 'ego_11' found.
Warning: Teleporting vehicle 'ego_11'; waited too long (wrong lane), lane='152175_1', time=24275.00.
Warning: Vehicle 'ego_11' teleports beyond arrival edge '-152647#2', time=24289.75.
