Loading net-file from 'C:\Users\LNMIIT\Desktop\SumoSimulation\ResearchPaper\scenario\in/most.net.xml' ... done (4594ms).
Loading additional-files from 'C:\Users\LNMIIT\Desktop\SumoSimulation\ResearchPaper\scenario\in/add/most.poly.xml' ... done (154ms).
Loading additional-files from 'C:\Users\LNMIIT\Desktop\SumoSimulation\ResearchPaper\scenario\in/add/most.busstops.add.xml' ... done (9ms).
Loading additional-files from 'C:\Users\LNMIIT\Desktop\SumoSimulation\ResearchPaper\scenario\in/add/most.trainstops.add.xml' ... done (4ms).
Loading additional-files from 'C:\Users\LNMIIT\Desktop\SumoSimulation\ResearchPaper\scenario\in/add/most.parking.allvisible.add.xml' ... done (155ms).
Loading additional-files from 'C:\Users\LNMIIT\Desktop\SumoSimulation\ResearchPaper\scenario\in/add/basic.vType.xml' ... done (5ms).
Loading state from 'C:\Users\LNMIIT\Desktop\SumoSimulation\ResearchPaper\BTP\ws_1_200_21600.xml.gz' ... done (2615ms).
Loading route-files from 'C:\Users\LNMIIT\Desktop\SumoSimulation\ResearchPaper\scenario\in/route/most.commercial.rou.xml' ... done (648ms).
Loading route-files from 'C:\Users\LNMIIT\Desktop\SumoSimulation\ResearchPaper\scenario\in/route/most.highway.flows.xml' ... done (4ms).
Loading done.
Simulation version 1.27.0 started via libsumo with time: 20400.00.
Simulation ended at time: 23000.75.
Reason: Libsumo requested termination.
Performance:
 Duration: 1533.54s
 Real time factor: 14.9985
 UPS: 1459.721298
Vehicles:
 Inserted: 1965 (Loaded: 7671)
 Running: 231
 Waiting: 0
 Teleports: 1 (Wrong Lane: 1)
Statistics (avg of 1077):
 RouteLength: 7267.51
 Speed: 17.95
 Duration: 445.84
 WaitingTime: 6.60
 TimeLoss: 42.73
 DepartDelay: 0.33
DijkstraRouter answered 4318 queries and explored 811.38 edges on average.
DijkstraRouter spent 7.76s answering queries (1.80ms on average).
