***Starting server on port 57177 ***
Loading net-file from 'C:\Users\LNMIIT\Desktop\SumoSimulation\ResearchPaper\scenario\in/most.net.xml' ... done (4841ms).
Loading additional-files from 'C:\Users\LNMIIT\Desktop\SumoSimulation\ResearchPaper\scenario\in/add/most.poly.xml' ... done (4653ms).
Loading additional-files from 'C:\Users\LNMIIT\Desktop\SumoSimulation\ResearchPaper\scenario\in/add/most.busstops.add.xml' ... done (195ms).
Loading additional-files from 'C:\Users\LNMIIT\Desktop\SumoSimulation\ResearchPaper\scenario\in/add/most.trainstops.add.xml' ... done (187ms).
Loading additional-files from 'C:\Users\LNMIIT\Desktop\SumoSimulation\ResearchPaper\scenario\in/add/most.parking.allvisible.add.xml' ... done (556ms).
Loading additional-files from 'C:\Users\LNMIIT\Desktop\SumoSimulation\ResearchPaper\scenario\in/add/basic.vType.xml' ... done (27ms).
Loading route-files incrementally from 'C:\Users\LNMIIT\Desktop\SumoSimulation\ResearchPaper\scenario\in/route/most.commercial.rou.xml'
Loading route-files incrementally from 'C:\Users\LNMIIT\Desktop\SumoSimulation\ResearchPaper\scenario\in/route/most.highway.flows.xml'
Loading done.
Simulation version 1.27.0 started with time: 14400.00.
Simulation ended at time: 14400.00.
Reason: TraCI requested termination.
Performance:
 Duration: 12.05s
 TraCI-Duration: 0.00s
 Real time factor: 0
 UPS: 0.000000
Vehicles:
 Inserted: 0 (Loaded: 2)
 Running: 0
 Waiting: 0
Statistics (avg of 0):
 RouteLength: 0.00
 Speed: 0.00
 Duration: 0.00
 WaitingTime: 0.00
 TimeLoss: 0.00
 DepartDelay: 0.00
